[templates/protostar-presqt/favicon.ico]
[media/jui/js/jquery.minbc20.js]
[index.php/component/search/index3ef3.html]
[media/jui/js/jquery-noconflictbc20.js]
[media/jui/js/jquery-migrate.minbc20.js]
[media/system/js/captionbc20.js]
[media/jui/js/bootstrap.minbc20.js]
[templates/protostar-presqt/js/templatebc20.js]
[images/leave-site-icon.png]
[images/imls_logo_2c.jpg]
[images/preservation_graphic_overview_2018.jpg]
[index-2.html]
[media/jui/fonts/IcoMoon.eot]
[media/jui/fonts/IcoMoond41d.eot]
[media/jui/fonts/IcoMoon.woff]
[media/jui/fonts/IcoMoon.ttf]
[templates/protostar-presqt/css/templatebc20.css]
[index.php/about.html]
[index.php/component/search/indexb122.html]
[images/team/zwang.jpg]
[images/team/sgesing.jpg]
[index.php/component/search/index77de.html]
[images/team/rjohnson.jpg]
[images/team/nmeyers.jpg]
[index.php/about/people.html]
[index.php/about/motivation.html]
[index.php/about/survey.html]
[index.php/workshops.html]
[index.php/workshops/2021-partner-mtg.html]
[index.php/component/search/indexccb9.html]
[index.php/component/search/index775b.html]
[index.php/workshops/meetings.html]
[index.php/component/search/index6e14.html]
[index.php/component/search/index1b91.html]
[images/presqt19th.jpg]
[index.php/component/search/index3b01.html]
[index.php/component/search/index9ec9.html]
[index.php/workshops/q1-2019-partner-mtg.html]
[images/presqt18th.jpg]
[index.php/workshops/implementation-kickoff-meeting.html]
[images/presqt9-18-17-fixTH.jpg]
[index.php/component/search/index9132.html]
[index.php/component/search/index1e86.html]
[index.php/workshops/workshop-two.html]
[images/speakersW2/micah_altmanCropped.jpg]
[images/speakersW2/butlerCropped.jpg]
[index.php/component/search/indexfbf0.html]
[images/Speakers120/Jake_CarlsonCropped2.jpg]
[images/speakersW2/Dallmeier-TiessenCropped.png]
[images/speakersW2/AnitadeWaardCropped.jpg]
[images/speakersW2/galinksyCropped.png]
[images/Speakers120/sandraGesingCropped.png]
[images/speakersW2/jasziCropped.jpg]
[images/Speakers120/rjohns14Cropped.jpg]
[images/speakersW2/KosarCropped.jpg]
[images/speakersW2/rkrahlCropped.png]
[images/Speakers120/natheadpicCropped.jpg]
[images/speakersW2/fionaCropped2.jpg]
[images/speakersW2/PettersCropped.jpg]
[images/Speakers120/JeffreySpies.jpg]
[images/speakersW2/AngusWhyteCropped.jpg]
[index.php/workshops/workshop-two/speakers.html]
[index.php/workshops/workshop-two/program.html]
[index.php/workshops/workshop-two/remote-attendance.html]
[index.php/component/search/indexb5c6.html]
[index.php/component/search/index9df7.html]
[images/PresQTflyerthumb.jpg]
[index.php/component/search/index8f41.html]
[index.php/workshops/workshop-one.html]
[images/Speakers120/steveCropped.png]
[images/Speakers120/MargaretBertaCropped.jpg]
[index.php/component/search/index2e95.html]
[images/Speakers120/ruth-duerrCropped.jpg]
[images/Speakers120/ifostersubmittedCropped.jpg]
[images/Speakers120/mikehildreth_250.jpg]
[images/Speakers120/NHCropped.png]
[images/Speakers120/Headshot_Jaye_LapachetCropped.jpg]
[images/Speakers120/emetsgerCropped.jpg]
[images/Speakers120/MontaganoPierreCropped.jpg]
[images/Speakers120/jarekn.jpg]
[images/Speakers120/lpouchardCropped2.jpg]
[images/Speakers120/remiCropped.jpg]
[images/Speakers120/RiosheadshotCropped.jpg]
[images/Speakers120/vicky.jpg]
[images/Speakers120/ianTaylor.jpg]
[images/Speakers120/btovarCropped.jpg]
[images/Speakers120/zvowell.jpg]
[images/Speakers120/zwangCropped.jpg]
[images/Speakers120/zaksCropped.png]
[index.php/workshops/workshop-one/speakers.html]
[index.php/people.html]
[indexde4c.html]
[index.php/component/search/index6c99.html]
[index.php/presqt-noticesc0d0]
[index.php/presqt-notices7b17]
[index.php/presqt-notices.html]
[media/jui/fonts/IcoMoon.svg]
[images/polar-rcn/scambos_antarctica.html]
[images/mpsod-visual-id/mpsopendata_logo_full.html]
[images/daspos/daspos_footer.html]
[index.php/indexde4c.html]
[index.php/workshops/q1-2019-partner-mtg/8-presqt/33-q1-2019-join-remotely.html]
[index.php/workshops/implementation-kickoff-meeting/2-uncategorised/28-agenda-implementation-kickoff-mtg.html]
[index.php/workshops/index5c06.html]
[index.php/component/search/index14f3.html]
[index.php/component/search/index66cd.html]
[index.php/component/search/index443e.html]
[index.php/component/search/indexa715.html]
[index.php/workshops/workshop-two/index5c06.html]
[index.php/8-presqt/15-speakers.html]
[index.php/component/search/indexb0f1.html]
[index.php/presqt-notices/2-uncategorised/28-agenda-implementation-kickoff-mtg.html]
[index.php/8-presqt/indexde4c.html]
[index.php/component/search/index848a.html]
[index.php/component/search/index9060.html]
[index.php/presqt-notices/2-uncategorised/indexde4c.html]
[index.php/component/search/index4260.html]
